H:AppointmentApproaching
H:AppointmentCancelled
H:AppointmentFired
H:AppointmentMissed
H:AudioPlaybackEnded
H:CardinalityViolation
H:CatalogueFallback
H:CatalogueInvalid
H:CatalogueReloaded
H:ChainHeadChanged
H:ClaimReassigned
H:ClockAdjusted
H:ClockSyncChanged
H:ClockTrustChanged
H:CustodyAborted
H:CustodyDegraded
H:CustodyReleased
H:CustodyStateReported
H:CustodyTaken
H:DeviceDisplayNameChanged
H:DeviceRoleChanged
H:DomainJoinModeEntered
H:DomainMemberAdmitted
H:DomainMemberDisplayNameObserved
H:DomainMemberRevoked
H:FactoryInstanceAnnounced
H:FactoryInstanceRetracted
H:FlightModeChanged
H:GestureApplied
H:GestureConfirmedByPeer
H:GestureReconciled
H:GrammarMigrationProgress
H:GrammarOrphansAccepted
H:GroupCreated
H:GroupDeleted
H:GroupLeaderMsChanged
H:GroupLeaderSuccessorCancelled
H:GroupLeaderSuccessorRequired
H:GroupMemberAddRefused
H:GroupMembershipChanged
H:GroupRenamed
H:HouseholdProtectionChanged
H:MultiroomLeaderHandoff
H:MultiroomMemberMoved
H:PeerAnnounced
H:PeerConnected
H:PeerDisappeared
H:PeerDisconnected
H:PeerDiscovered
H:PeerLost
H:PeerObservedAtNewEndpoint
H:PeerPresenceChanged
H:PeerUpdated
H:PersistenceReady
H:PluginAdmissionSkipped
H:PluginDegraded
H:PluginEvent
H:PluginLiveReloadCompleted
H:PluginLiveReloadFailed
H:PluginLiveReloadStarted
H:PluginManifestDrift
H:PluginManifestInvalid
H:PluginManifestReloaded
H:PluginReloadDispatched
H:PluginRestored
H:PluginVersionSkewWarning
H:PresenceMassEventDetected
H:ReconciliationApplied
H:ReconciliationFailed
H:ReconnectProgress
H:RelationCardinalityViolatedPostRewrite
H:RelationCardinalityViolation
H:RelationClaimForcedRetract
H:RelationClaimSuppressionCollapsed
H:RelationForgotten
H:RelationRewritten
H:RelationSplitAmbiguous
H:RelationSuppressed
H:RelationSuppressionReasonUpdated
H:RelationUnsuppressed
H:RelayBridgeHealthChanged
H:RelayDeclared
H:RosterSnapped
H:SourceHostElected
H:SplitBrainDetected
H:StewardRestarting
H:SubjectAddressingForcedRetract
H:SubjectConflictDetected
H:SubjectForgotten
H:SubjectGrammarOrphan
H:SubjectMerged
H:SubjectMigrated
H:SubjectSplit
H:SubjectStateChanged
H:UiActiveShellChanged
H:UiActiveThemeChanged
H:UiShelfChanged
H:UiShellAdmitted
H:UiShellUnadmitted
H:UiThemeAdmitted
H:UiThemeUnadmitted
H:UiWidgetPackAdmitted
H:UiWidgetPackUnadmitted
H:UpdateApplyFailed
H:UpdateApplyStarted
H:UpdateApplySucceeded
H:UpdateAvailableObserved
H:UpdateCheckCompleted
H:UpdateCheckStarted
H:WatchCancelled
H:WatchEvaluationThrottled
H:WatchFired
H:WatchMissed
W:AppointmentApproaching
W:AppointmentCancelled
W:AppointmentFired
W:AppointmentMissed
W:AudioPlaybackEnded
W:CardinalityViolation
W:CatalogueFallback
W:CatalogueInvalid
W:CatalogueReloaded
W:ChainHeadChanged
W:ClaimReassigned
W:ClockAdjusted
W:ClockSyncChanged
W:ClockTrustChanged
W:CustodyAborted
W:CustodyDegraded
W:CustodyReleased
W:CustodyStateReported
W:CustodyTaken
W:DeviceDisplayNameChanged
W:DeviceRoleChanged
W:DomainJoinModeEntered
W:DomainMemberAdmitted
W:DomainMemberDisplayNameObserved
W:DomainMemberRevoked
W:FactoryInstanceAnnounced
W:FactoryInstanceRetracted
W:FlightModeChanged
W:GestureApplied
W:GestureConfirmedByPeer
W:GestureReconciled
W:GrammarMigrationProgress
W:GrammarOrphansAccepted
W:GroupCreated
W:GroupDeleted
W:GroupLeaderMsChanged
W:GroupLeaderSuccessorCancelled
W:GroupLeaderSuccessorRequired
W:GroupMemberAddRefused
W:GroupMembershipChanged
W:GroupRenamed
W:HouseholdProtectionChanged
W:MultiroomLeaderHandoff
W:MultiroomMemberMoved
W:PeerAnnounced
W:PeerConnected
W:PeerDisappeared
W:PeerDisconnected
W:PeerDiscovered
W:PeerLost
W:PeerObservedAtNewEndpoint
W:PeerPresenceChanged
W:PeerUpdated
W:PersistenceReady
W:PluginAdmissionSkipped
W:PluginDegraded
W:PluginEvent
W:PluginLiveReloadCompleted
W:PluginLiveReloadFailed
W:PluginLiveReloadStarted
W:PluginManifestDrift
W:PluginManifestInvalid
W:PluginManifestReloaded
W:PluginReloadDispatched
W:PluginRestored
W:PluginVersionSkewWarning
W:PresenceMassEventDetected
W:ReconciliationApplied
W:ReconciliationFailed
W:ReconnectProgress
W:RelationCardinalityViolatedPostRewrite
W:RelationCardinalityViolation
W:RelationClaimForcedRetract
W:RelationClaimSuppressionCollapsed
W:RelationForgotten
W:RelationRewritten
W:RelationSplitAmbiguous
W:RelationSuppressed
W:RelationSuppressionReasonUpdated
W:RelationUnsuppressed
W:RelayBridgeHealthChanged
W:RelayDeclared
W:RosterSnapped
W:SourceHostElected
W:SplitBrainDetected
W:StewardRestarting
W:SubjectAddressingForcedRetract
W:SubjectConflictDetected
W:SubjectForgotten
W:SubjectGrammarOrphan
W:SubjectMerged
W:SubjectMigrated
W:SubjectSplit
W:SubjectStateChanged
W:UiActiveShellChanged
W:UiActiveThemeChanged
W:UiShelfChanged
W:UiShellAdmitted
W:UiShellUnadmitted
W:UiThemeAdmitted
W:UiThemeUnadmitted
W:UiWidgetPackAdmitted
W:UiWidgetPackUnadmitted
W:UpdateApplyFailed
W:UpdateApplyStarted
W:UpdateApplySucceeded
W:UpdateAvailableObserved
W:UpdateCheckCompleted
W:UpdateCheckStarted
W:WatchCancelled
W:WatchEvaluationThrottled
W:WatchFired
W:WatchMissed
